verses=22  placed=19  unplaced=3
  ^1-2     -> line 63
  ^1-4     -> line 121
  ^1-5     -> line 141
  ^1-6     -> line 163
  ^1-7     -> line 180
  ^1-8     -> line 198
  ^1-9     -> line 217
  ^1-10    -> line 233
  ^1-11    -> line 249
  ^1-12    -> line 265
  ^1-13    -> line 281
  ^1-14    -> line 295
  ^1-15    -> line 307
  ^1-16    -> line 321
  ^1-17    -> line 333
  ^1-18    -> line 347
  ^1-20    -> line 376
  ^1-21    -> line 388
  ^1-22    -> line 404
UNPLACED (resolve by hand if a genuine quotation exists):
  ^1-1: NO-MATCH (quoted with large variant / split / absent)
  ^1-3: NO-MATCH (quoted with large variant / split / absent)
  ^1-19: NO-MATCH (quoted with large variant / split / absent)
APPLIED 19 insertions
