verses=22  placed=21  unplaced=1
  ^1-1     -> line 571
  ^1-2     -> line 604
  ^1-3     -> line 638
  ^1-4     -> line 660
  ^1-5     -> line 696
  ^1-6     -> line 737
  ^1-7     -> line 765
  ^1-8     -> line 809
  ^1-9     -> line 846
  ^1-10    -> line 883
  ^1-11    -> line 934
  ^1-12    -> line 962
  ^1-13    -> line 1015
  ^1-15    -> line 1081
  ^1-16    -> line 1111
  ^1-17    -> line 1138
  ^1-18    -> line 1197
  ^1-19    -> line 1221
  ^1-20    -> line 1243
  ^1-21    -> line 1268
  ^1-22    -> line 1298
UNPLACED (resolve by hand if a genuine quotation exists):
  ^1-14: NO-MATCH (quoted with large variant / split / absent)
APPLIED 21 insertions
