verses=22  placed=21  unplaced=1
  ^1-1     -> line 35
  ^1-2     -> line 59
  ^1-3     -> line 74
  ^1-4     -> line 89
  ^1-5     -> line 106
  ^1-6     -> line 119
  ^1-7     -> line 127
  ^1-8     -> line 145
  ^1-9     -> line 164
  ^1-10    -> line 177
  ^1-11    -> line 190
  ^1-12    -> line 203
  ^1-13    -> line 216
  ^1-14    -> line 231
  ^1-15    -> line 245
  ^1-16    -> line 262
  ^1-17    -> line 282
  ^1-18    -> line 299
  ^1-19    -> line 314
  ^1-20    -> line 329
  ^1-21    -> line 344
UNPLACED (resolve by hand if a genuine quotation exists):
  ^1-22: NO-MATCH (quoted with large variant / split / absent)
APPLIED 21 insertions
