verses=22  placed=17  unplaced=5
  ^1-1     -> line 65
  ^1-2     -> line 90
  ^1-3     -> line 103
  ^1-4     -> line 114
  ^1-5     -> line 120
  ^1-7     -> line 134
  ^1-8     -> line 143
  ^1-9     -> line 152
  ^1-10    -> line 165
  ^1-12    -> line 180
  ^1-13    -> line 197
  ^1-14    -> line 208
  ^1-15    -> line 219
  ^1-16    -> line 237
  ^1-18    -> line 254
  ^1-19    -> line 263
  ^1-21    -> line 271
UNPLACED (resolve by hand if a genuine quotation exists):
  ^1-6: NO-MATCH (quoted with large variant / split / absent)
  ^1-11: NO-MATCH (quoted with large variant / split / absent)
  ^1-17: NO-MATCH (quoted with large variant / split / absent)
  ^1-20: NO-MATCH (quoted with large variant / split / absent)
  ^1-22: NO-MATCH (quoted with large variant / split / absent)
APPLIED 17 insertions
