verses=22  placed=18  unplaced=4
  ^1-1     -> line 25
  ^1-2     -> line 41
  ^1-3     -> line 55
  ^1-4     -> line 67
  ^1-5     -> line 83
  ^1-6     -> line 95
  ^1-8     -> line 115
  ^1-9     -> line 133
  ^1-10    -> line 147
  ^1-11    -> line 161
  ^1-12    -> line 175
  ^1-13    -> line 191
  ^1-15    -> line 215
  ^1-16    -> line 231
  ^1-18    -> line 253
  ^1-19    -> line 267
  ^1-20    -> line 281
  ^1-22    -> line 307
UNPLACED (resolve by hand if a genuine quotation exists):
  ^1-7: NO-MATCH (quoted with large variant / split / absent)
  ^1-14: NO-MATCH (quoted with large variant / split / absent)
  ^1-17: NO-MATCH (quoted with large variant / split / absent)
  ^1-21: NO-MATCH (quoted with large variant / split / absent)
APPLIED 18 insertions
