verses=22  placed=21  unplaced=1
  ^1-1     -> line 57
  ^1-2     -> line 91
  ^1-3     -> line 111
  ^1-4     -> line 137
  ^1-5     -> line 175
  ^1-6     -> line 199
  ^1-7     -> line 223
  ^1-8     -> line 249
  ^1-9     -> line 275
  ^1-10    -> line 303
  ^1-11    -> line 323
  ^1-13    -> line 369
  ^1-14    -> line 399
  ^1-15    -> line 429
  ^1-16    -> line 451
  ^1-17    -> line 483
  ^1-18    -> line 503
  ^1-19    -> line 531
  ^1-20    -> line 553
  ^1-21    -> line 579
  ^1-22    -> line 607
UNPLACED (resolve by hand if a genuine quotation exists):
  ^1-12: NO-MATCH (quoted with large variant / split / absent)
APPLIED 21 insertions
