verses=22  placed=16  unplaced=6
  ^1-1     -> line 33
  ^1-3     -> line 75
  ^1-4     -> line 105
  ^1-5     -> line 131
  ^1-8     -> line 173
  ^1-9     -> line 189
  ^1-10    -> line 203
  ^1-11    -> line 217
  ^1-12    -> line 231
  ^1-13    -> line 245
  ^1-15    -> line 269
  ^1-18    -> line 313
  ^1-19    -> line 325
  ^1-20    -> line 339
  ^1-21    -> line 351
  ^1-22    -> line 365
UNPLACED (resolve by hand if a genuine quotation exists):
  ^1-2: NO-MATCH (quoted with large variant / split / absent)
  ^1-6: NO-MATCH (quoted with large variant / split / absent)
  ^1-7: NO-MATCH (quoted with large variant / split / absent)
  ^1-14: NO-MATCH (quoted with large variant / split / absent)
  ^1-16: NO-MATCH (quoted with large variant / split / absent)
  ^1-17: NO-MATCH (quoted with large variant / split / absent)
APPLIED 16 insertions
