verses=22  placed=8  unplaced=14
  ^1-1     -> line 25
  ^1-2     -> line 52
  ^1-4     -> line 71
  ^1-5     -> line 91
  ^1-6     -> line 110
  ^1-9     -> line 191
  ^1-21    -> line 406
  ^1-22    -> line 503
UNPLACED (resolve by hand if a genuine quotation exists):
  ^1-3: NO-MATCH (quoted with large variant / split / absent)
  ^1-7: NO-MATCH (quoted with large variant / split / absent)
  ^1-8: NO-MATCH (quoted with large variant / split / absent)
  ^1-10: NO-MATCH (quoted with large variant / split / absent)
  ^1-11: NO-MATCH (quoted with large variant / split / absent)
  ^1-12: NO-MATCH (quoted with large variant / split / absent)
  ^1-13: NO-MATCH (quoted with large variant / split / absent)
  ^1-14: NO-MATCH (quoted with large variant / split / absent)
  ^1-15: NO-MATCH (quoted with large variant / split / absent)
  ^1-16: NO-MATCH (quoted with large variant / split / absent)
  ^1-17: NO-MATCH (quoted with large variant / split / absent)
  ^1-18: NO-MATCH (quoted with large variant / split / absent)
  ^1-19: NO-MATCH (quoted with large variant / split / absent)
  ^1-20: NO-MATCH (quoted with large variant / split / absent)
APPLIED 8 insertions
